// Vitest Snapshot v1, https://vitest.dev/guide/snapshot.html

exports[`9. generateSeriesWeeks — unchanged by the refactor > 9a. return shape + every write are byte-identical to the pre-refactor snapshot > generateSeriesWeeks return 1`] = `
{
  "seriesId": "uuid-1",
  "weeks": [
    {
      "bookableId": "uuid-3",
      "dateIso": "2026-08-31",
      "opsId": "uuid-2",
    },
    {
      "bookableId": "uuid-6",
      "dateIso": "2026-09-07",
      "opsId": "uuid-5",
    },
    {
      "bookableId": "uuid-9",
      "dateIso": "2026-09-14",
      "opsId": "uuid-8",
    },
    {
      "bookableId": "uuid-12",
      "dateIso": "2026-09-21",
      "opsId": "uuid-11",
    },
  ],
}
`;

exports[`9. generateSeriesWeeks — unchanged by the refactor > 9a. return shape + every write are byte-identical to the pre-refactor snapshot > generateSeriesWeeks writes 1`] = `
[
  {
    "op": "insert",
    "table": "session_series",
    "values": {
      "createdBy": "admin-1",
      "endTime": "22:00",
      "id": "uuid-1",
      "originDate": "2026-08-24",
      "originSessionId": "origin-1",
      "startTime": "20:00",
      "venueName": "Smash Sports Academy",
      "weeksAhead": 4,
    },
  },
  {
    "op": "update",
    "table": "sessions",
    "values": {
      "seriesId": "uuid-1",
    },
  },
  {
    "op": "insert",
    "table": "sessions",
    "values": {
      "courtCount": 3,
      "date": "2026-08-31",
      "id": "uuid-2",
      "isSandbox": false,
      "seriesId": "uuid-1",
      "status": "upcoming",
      "venueLocation": "Al Quoz",
      "venueMapUrl": null,
      "venueName": "Smash Sports Academy",
    },
  },
  {
    "op": "insert",
    "table": "bookable_sessions",
    "values": {
      "capacity": 18,
      "courtCount": 3,
      "date": "2026-08-31",
      "description": null,
      "endTime": "22:00",
      "id": "uuid-3",
      "imageUrl": null,
      "linkedSessionId": "uuid-2",
      "priceAed": 49,
      "startTime": "20:00",
      "status": "upcoming",
      "title": "Smash Sports Academy Session",
      "venueLocation": "Al Quoz",
      "venueMapUrl": null,
      "venueName": "Smash Sports Academy",
    },
  },
  {
    "op": "insert",
    "table": "session_costs",
    "values": {
      "captainId": "runner-1",
      "capturedBy": "admin-1",
      "courtCostFils": 30000,
      "courtCostOverridden": false,
      "id": "uuid-4",
      "sessionId": "uuid-3",
      "shuttleCostFils": 5000,
      "waterCostFils": 1000,
    },
  },
  {
    "op": "insert",
    "table": "sessions",
    "values": {
      "courtCount": 3,
      "date": "2026-09-07",
      "id": "uuid-5",
      "isSandbox": false,
      "seriesId": "uuid-1",
      "status": "upcoming",
      "venueLocation": "Al Quoz",
      "venueMapUrl": null,
      "venueName": "Smash Sports Academy",
    },
  },
  {
    "op": "insert",
    "table": "bookable_sessions",
    "values": {
      "capacity": 18,
      "courtCount": 3,
      "date": "2026-09-07",
      "description": null,
      "endTime": "22:00",
      "id": "uuid-6",
      "imageUrl": null,
      "linkedSessionId": "uuid-5",
      "priceAed": 49,
      "startTime": "20:00",
      "status": "upcoming",
      "title": "Smash Sports Academy Session",
      "venueLocation": "Al Quoz",
      "venueMapUrl": null,
      "venueName": "Smash Sports Academy",
    },
  },
  {
    "op": "insert",
    "table": "session_costs",
    "values": {
      "captainId": "runner-1",
      "capturedBy": "admin-1",
      "courtCostFils": 30000,
      "courtCostOverridden": false,
      "id": "uuid-7",
      "sessionId": "uuid-6",
      "shuttleCostFils": 5000,
      "waterCostFils": 1000,
    },
  },
  {
    "op": "insert",
    "table": "sessions",
    "values": {
      "courtCount": 3,
      "date": "2026-09-14",
      "id": "uuid-8",
      "isSandbox": false,
      "seriesId": "uuid-1",
      "status": "upcoming",
      "venueLocation": "Al Quoz",
      "venueMapUrl": null,
      "venueName": "Smash Sports Academy",
    },
  },
  {
    "op": "insert",
    "table": "bookable_sessions",
    "values": {
      "capacity": 18,
      "courtCount": 3,
      "date": "2026-09-14",
      "description": null,
      "endTime": "22:00",
      "id": "uuid-9",
      "imageUrl": null,
      "linkedSessionId": "uuid-8",
      "priceAed": 49,
      "startTime": "20:00",
      "status": "upcoming",
      "title": "Smash Sports Academy Session",
      "venueLocation": "Al Quoz",
      "venueMapUrl": null,
      "venueName": "Smash Sports Academy",
    },
  },
  {
    "op": "insert",
    "table": "session_costs",
    "values": {
      "captainId": "runner-1",
      "capturedBy": "admin-1",
      "courtCostFils": 30000,
      "courtCostOverridden": false,
      "id": "uuid-10",
      "sessionId": "uuid-9",
      "shuttleCostFils": 5000,
      "waterCostFils": 1000,
    },
  },
  {
    "op": "insert",
    "table": "sessions",
    "values": {
      "courtCount": 3,
      "date": "2026-09-21",
      "id": "uuid-11",
      "isSandbox": false,
      "seriesId": "uuid-1",
      "status": "upcoming",
      "venueLocation": "Al Quoz",
      "venueMapUrl": null,
      "venueName": "Smash Sports Academy",
    },
  },
  {
    "op": "insert",
    "table": "bookable_sessions",
    "values": {
      "capacity": 18,
      "courtCount": 3,
      "date": "2026-09-21",
      "description": null,
      "endTime": "22:00",
      "id": "uuid-12",
      "imageUrl": null,
      "linkedSessionId": "uuid-11",
      "priceAed": 49,
      "startTime": "20:00",
      "status": "upcoming",
      "title": "Smash Sports Academy Session",
      "venueLocation": "Al Quoz",
      "venueMapUrl": null,
      "venueName": "Smash Sports Academy",
    },
  },
  {
    "op": "insert",
    "table": "session_costs",
    "values": {
      "captainId": "runner-1",
      "capturedBy": "admin-1",
      "courtCostFils": 30000,
      "courtCostOverridden": false,
      "id": "uuid-13",
      "sessionId": "uuid-12",
      "shuttleCostFils": 5000,
      "waterCostFils": 1000,
    },
  },
]
`;
